
C:\ReactNative\UMS\src\api\services.ts
   54:13  error  Expected an assignment or function call and instead saw an expression  @typescript-eslint/no-unused-expressions
   61:9   error  Expected an assignment or function call and instead saw an expression  @typescript-eslint/no-unused-expressions
   62:9   error  Expected an assignment or function call and instead saw an expression  @typescript-eslint/no-unused-expressions
   63:21  error  Unexpected any. Specify a different type                               @typescript-eslint/no-explicit-any
   69:18  error  'needsToken' is assigned a value but never used                        @typescript-eslint/no-unused-vars
   76:9   error  Expected an assignment or function call and instead saw an expression  @typescript-eslint/no-unused-expressions
   77:9   error  Expected an assignment or function call and instead saw an expression  @typescript-eslint/no-unused-expressions
   79:21  error  Unexpected any. Specify a different type                               @typescript-eslint/no-explicit-any
   82:17  error  Expected an assignment or function call and instead saw an expression  @typescript-eslint/no-unused-expressions
   85:17  error  Expected an assignment or function call and instead saw an expression  @typescript-eslint/no-unused-expressions
   88:17  error  Expected an assignment or function call and instead saw an expression  @typescript-eslint/no-unused-expressions
   91:17  error  Expected an assignment or function call and instead saw an expression  @typescript-eslint/no-unused-expressions
   94:17  error  Expected an assignment or function call and instead saw an expression  @typescript-eslint/no-unused-expressions
   97:17  error  Expected an assignment or function call and instead saw an expression  @typescript-eslint/no-unused-expressions
  121:13  error  Expected an assignment or function call and instead saw an expression  @typescript-eslint/no-unused-expressions
  128:9   error  Expected an assignment or function call and instead saw an expression  @typescript-eslint/no-unused-expressions
  129:9   error  Expected an assignment or function call and instead saw an expression  @typescript-eslint/no-unused-expressions
  151:13  error  Expected an assignment or function call and instead saw an expression  @typescript-eslint/no-unused-expressions
  157:9   error  Expected an assignment or function call and instead saw an expression  @typescript-eslint/no-unused-expressions
  158:9   error  Expected an assignment or function call and instead saw an expression  @typescript-eslint/no-unused-expressions
  166:24  error  'needsToken' is assigned a value but never used                        @typescript-eslint/no-unused-vars
  166:43  error  'isToast' is assigned a value but never used                           @typescript-eslint/no-unused-vars

C:\ReactNative\UMS\src\components\dashboardComopnenet\dashboardComopnenet.tsx
    1:38  error  'useMemo' is defined but never used                                    @typescript-eslint/no-unused-vars
   52:7   error  Expected an assignment or function call and instead saw an expression  @typescript-eslint/no-unused-expressions
   59:7   error  Expected an assignment or function call and instead saw an expression  @typescript-eslint/no-unused-expressions
   72:7   error  Expected an assignment or function call and instead saw an expression  @typescript-eslint/no-unused-expressions
   73:9   error  Expected an assignment or function call and instead saw an expression  @typescript-eslint/no-unused-expressions
   75:7   error  Expected an assignment or function call and instead saw an expression  @typescript-eslint/no-unused-expressions
   76:7   error  Expected an assignment or function call and instead saw an expression  @typescript-eslint/no-unused-expressions
   79:7   error  Expected an assignment or function call and instead saw an expression  @typescript-eslint/no-unused-expressions
   79:50  error  'data' is defined but never used                                       @typescript-eslint/no-unused-vars
   82:7   error  Expected an assignment or function call and instead saw an expression  @typescript-eslint/no-unused-expressions
   82:76  error  'data' is defined but never used                                       @typescript-eslint/no-unused-vars
   87:44  error  'data' is defined but never used                                       @typescript-eslint/no-unused-vars
   88:48  error  Expected an assignment or function call and instead saw an expression  @typescript-eslint/no-unused-expressions
  110:9   error  Expected an assignment or function call and instead saw an expression  @typescript-eslint/no-unused-expressions
  114:7   error  Expected an assignment or function call and instead saw an expression  @typescript-eslint/no-unused-expressions
  116:20  error  'field' is defined but never used                                      @typescript-eslint/no-unused-vars
  117:23  error  'user1' is defined but never used                                      @typescript-eslint/no-unused-vars
  124:9   error  Expected an assignment or function call and instead saw an expression  @typescript-eslint/no-unused-expressions
  135:7   error  Expected an assignment or function call and instead saw an expression  @typescript-eslint/no-unused-expressions
  143:7   error  Expected an assignment or function call and instead saw an expression  @typescript-eslint/no-unused-expressions
  144:7   error  Expected an assignment or function call and instead saw an expression  @typescript-eslint/no-unused-expressions
  172:7   error  Expected an assignment or function call and instead saw an expression  @typescript-eslint/no-unused-expressions
  305:54  error  'index' is defined but never used                                      @typescript-eslint/no-unused-vars
  306:24  error  Missing "key" prop for element in iterator                             react/jsx-key
  322:22  error  Missing "key" prop for element in iterator                             react/jsx-key
  323:56  error  'index' is defined but never used                                      @typescript-eslint/no-unused-vars
  325:26  error  Missing "key" prop for element in iterator                             react/jsx-key
  372:57  error  'index' is defined but never used                                      @typescript-eslint/no-unused-vars
  373:26  error  Missing "key" prop for element in iterator                             react/jsx-key

C:\ReactNative\UMS\src\components\doubleClickWraper\doubleClickWraper.tsx
  7:14  error  The `Function` type accepts any function-like value.
Prefer explicitly defining any function parameters and return type  @typescript-eslint/no-unsafe-function-type
  8:20  error  The `Function` type accepts any function-like value.
Prefer explicitly defining any function parameters and return type  @typescript-eslint/no-unsafe-function-type

C:\ReactNative\UMS\src\components\editUserComponenet\editUserComponenet.style.ts
   1:18  error  'css' is defined but never used    @typescript-eslint/no-unused-vars
  63:24  error  'props' is defined but never used  @typescript-eslint/no-unused-vars
  77:24  error  'props' is defined but never used  @typescript-eslint/no-unused-vars

C:\ReactNative\UMS\src\components\editUserComponenet\editUserComponenet.tsx
    1:8    error  'react' is defined but never used         @typescript-eslint/no-unused-vars
    1:17   error  'use' is defined but never used           @typescript-eslint/no-unused-vars
    1:33   error  'useMemo' is defined but never used       @typescript-eslint/no-unused-vars
    8:10   error  'on' is defined but never used            @typescript-eslint/no-unused-vars
   13:22   error  Unexpected any. Specify a different type  @typescript-eslint/no-explicit-any
   17:138  error  Unexpected any. Specify a different type  @typescript-eslint/no-explicit-any
   44:9    error  'React' must be in scope when using JSX   react/react-in-jsx-scope
   45:13   error  'React' must be in scope when using JSX   react/react-in-jsx-scope
   46:17   error  'React' must be in scope when using JSX   react/react-in-jsx-scope
   47:21   error  'React' must be in scope when using JSX   react/react-in-jsx-scope
   50:17   error  'React' must be in scope when using JSX   react/react-in-jsx-scope
   51:21   error  'React' must be in scope when using JSX   react/react-in-jsx-scope
   52:25   error  'React' must be in scope when using JSX   react/react-in-jsx-scope
   53:25   error  'React' must be in scope when using JSX   react/react-in-jsx-scope
   66:21   error  'React' must be in scope when using JSX   react/react-in-jsx-scope
   66:92   error  'React' must be in scope when using JSX   react/react-in-jsx-scope
   70:17   error  'React' must be in scope when using JSX   react/react-in-jsx-scope
   71:21   error  'React' must be in scope when using JSX   react/react-in-jsx-scope
   73:25   error  'React' must be in scope when using JSX   react/react-in-jsx-scope
   74:25   error  'React' must be in scope when using JSX   react/react-in-jsx-scope
   91:21   error  'React' must be in scope when using JSX   react/react-in-jsx-scope
   91:92   error  'React' must be in scope when using JSX   react/react-in-jsx-scope
   94:17   error  'React' must be in scope when using JSX   react/react-in-jsx-scope
   95:21   error  'React' must be in scope when using JSX   react/react-in-jsx-scope
   97:25   error  'React' must be in scope when using JSX   react/react-in-jsx-scope
   98:25   error  'React' must be in scope when using JSX   react/react-in-jsx-scope
  103:21   error  'React' must be in scope when using JSX   react/react-in-jsx-scope
  103:89   error  'React' must be in scope when using JSX   react/react-in-jsx-scope
  106:17   error  'React' must be in scope when using JSX   react/react-in-jsx-scope
  107:21   error  'React' must be in scope when using JSX   react/react-in-jsx-scope
  108:25   error  'React' must be in scope when using JSX   react/react-in-jsx-scope
  109:25   error  'React' must be in scope when using JSX   react/react-in-jsx-scope
  117:17   error  'React' must be in scope when using JSX   react/react-in-jsx-scope
  119:17   error  'React' must be in scope when using JSX   react/react-in-jsx-scope

C:\ReactNative\UMS\src\components\editUserPageComponent\editUserPageComponent.tsx
  35:9   error  Expected an assignment or function call and instead saw an expression  @typescript-eslint/no-unused-expressions
  35:52  error  'data' is defined but never used                                       @typescript-eslint/no-unused-vars
  44:9   error  Expected an assignment or function call and instead saw an expression  @typescript-eslint/no-unused-expressions
  45:59  error  'data' is defined but never used                                       @typescript-eslint/no-unused-vars
  51:9   error  Expected an assignment or function call and instead saw an expression  @typescript-eslint/no-unused-expressions
  51:60  error  'data' is defined but never used                                       @typescript-eslint/no-unused-vars

C:\ReactNative\UMS\src\components\loginComponent\loginComponent.tsx
  10:22  error  Unexpected any. Specify a different type  @typescript-eslint/no-explicit-any

C:\ReactNative\UMS\src\components\loginPageComponent\loginPageComponent.tsx
  5:8   error  'store' is defined but never used              @typescript-eslint/no-unused-vars
  6:10  error  'setUserToken' is defined but never used       @typescript-eslint/no-unused-vars
  8:7   error  'basePath' is assigned a value but never used  @typescript-eslint/no-unused-vars

C:\ReactNative\UMS\src\components\mainPageComponent\mainPageComponent.tsx
  2:21  error  'Headline' is defined but never used  @typescript-eslint/no-unused-vars

C:\ReactNative\UMS\src\components\modal\ClickOutsideComponent.tsx
   9:12  error  'isClickedOutside' is assigned a value but never used  @typescript-eslint/no-unused-vars
  33:9   error  'React' must be in scope when using JSX                react/react-in-jsx-scope

C:\ReactNative\UMS\src\components\modal\Modal.tsx
   3:10  error  'CloseButton' is defined but never used                  @typescript-eslint/no-unused-vars
   3:23  error  'Footer' is defined but never used                       @typescript-eslint/no-unused-vars
  50:5   error  'withoutCloseButton' is assigned a value but never used  @typescript-eslint/no-unused-vars

C:\ReactNative\UMS\src\components\topBar\topBar.tsx
  5:10  error  'BrowserView' is defined but never used  @typescript-eslint/no-unused-vars

C:\ReactNative\UMS\src\hooks\styleModeToggle\styleModeToggle.tsx
  1:17  error  'useEffect' is defined but never used  @typescript-eslint/no-unused-vars

C:\ReactNative\UMS\src\pages\dasboard.tsx
  1:17  error  'useEffect' is defined but never used        @typescript-eslint/no-unused-vars
  3:10  error  'initUser' is defined but never used         @typescript-eslint/no-unused-vars
  3:20  error  'parseUser' is defined but never used        @typescript-eslint/no-unused-vars
  3:31  error  'User' is defined but never used             @typescript-eslint/no-unused-vars
  4:10  error  'useSelector' is defined but never used      @typescript-eslint/no-unused-vars
  5:10  error  'selectIsLogedIn' is defined but never used  @typescript-eslint/no-unused-vars
  6:10  error  'useNavigate' is defined but never used      @typescript-eslint/no-unused-vars

C:\ReactNative\UMS\src\pages\editPage.tsx
  3:23  error  'useParams' is defined but never used  @typescript-eslint/no-unused-vars

C:\ReactNative\UMS\src\pages\router.tsx
  2:40  error  'Navigate' is defined but never used  @typescript-eslint/no-unused-vars

C:\ReactNative\UMS\src\style\themes.style.ts
    1:42  error  'RuleSet' is defined but never used  @typescript-eslint/no-unused-vars
  254:8   error  'props' is defined but never used    @typescript-eslint/no-unused-vars

C:\ReactNative\UMS\src\types\user\user.ts
  24:34  error  Unexpected any. Specify a different type  @typescript-eslint/no-explicit-any

✖ 120 problems (120 errors, 0 warnings)

